../Core/Src/main.c:99:5:main	16	static
../Core/Src/main.c:199:6:SystemClock_Config	88	static
../Core/Src/main.c:246:13:MX_I2C1_Init	8	static
../Core/Src/main.c:280:13:MX_TIM1_Init	96	static
../Core/Src/main.c:367:13:MX_GPIO_Init	56	static
../Core/Src/main.c:420:5:nhannut1	8	static
../Core/Src/main.c:430:5:nhannut2	8	static
../Core/Src/main.c:440:5:nhannut3	8	static
../Core/Src/main.c:450:5:nhannut4	8	static
../Core/Src/main.c:460:5:nhannut5	8	static
../Core/Src/main.c:470:5:nhannut6	8	static
../Core/Src/main.c:480:13:taskreadbutton	24	static
../Core/Src/main.c:539:13:off_moto1	16	static
../Core/Src/main.c:554:13:tang_moto1	40	static
../Core/Src/main.c:574:13:giam_moto1	40	static
../Core/Src/main.c:601:13:off_moto2	16	static
../Core/Src/main.c:616:13:tang_moto2	40	static
../Core/Src/main.c:635:13:giam_moto2	40	static
../Core/Src/main.c:673:6:StartDefaultTask	16	static
../Core/Src/main.c:688:6:Error_Handler	4	static,ignoring_inline_asm
